// Jest Snapshot v1, https://goo.gl/fbAQLP

exports[`should render expense list item 1`] = `
<li>
  <h3>
    <Link
      replace={false}
      to="/edit/2"
    >
      Rent
    </Link>
  </h3>
  <p>
    Amount: 
    100000
  </p>
  <p>
    Created At 
    -864000000
  </p>
</li>
`;
