// Jest Snapshot v1, https://goo.gl/fbAQLP

exports[`should render dashboard page 1`] = `
<div>
  <div>
    This is a dashboard page
  </div>
  <Connect(ExpenseListFilters) />
  <Connect(ExpenseList) />
</div>
`;
