// Jest Snapshot v1, https://goo.gl/fbAQLP

exports[`Header renders correctly: Expensify 1`] = `
<header>
  <h1>
    Expensify
  </h1>
  <NavLink
    activeClassName="is-active"
    aria-current="page"
    exact={true}
    to="/"
  >
    Home
  </NavLink>
  <NavLink
    activeClassName="is-active"
    aria-current="page"
    to="/create"
  >
    New Expense
  </NavLink>
  <NavLink
    activeClassName="is-active"
    aria-current="page"
    to="/edit"
  >
    Edit Expense
  </NavLink>
  <NavLink
    activeClassName="is-active"
    aria-current="page"
    to="/help"
  >
    Help
  </NavLink>
  <button>
    Log out
  </button>
</header>
`;
